KreSucks~
fucker~
public~
blacksun~
chewbacca~
Han~
Solo~
Luke~
Skywalker~
Leia~
Vader~
Darth~
Palpatine~
Maul~
Bleeds~
Corran~
Jabba~
Kenobi~
Lucas~
sith~
Darkblade~
apprentice~
outsider~
aprentice~
Eightball~
warlord~
Lucifer~
xizor~
shadowman~
murderer~
banana~
assasin~
assassin~
fruitcake~
gamer~
Jacen~
sadness~
Director~
suckmyass~
yoda~
undertaker~
talonkarrde~
talonkardde~
man~
woman~
whore~
hellblender~
six~
xwing~
Zwing~
Awing~
Tie~
Ywing~
fighter~
corvette~
defender~
Atoris~
trainer~
training~
luck~
druid~
mage~
Magus~
korss~
kross~
draven~
chyron~
ghetto~
squall~
armageddon~
harmony~
bevis~
tracer~
test~
Devastator~
Executor~
Judicator~
Avenger~
hunter~
tower~
thrawn~
gankweed~
bitch~
bitchslap~
Berserk~
shitlock~
shitlocks~
save~
guri~
gurri~
calthorn~
billclinton~
anakin~
quigon~
exar~
sinep~
epsilon~
sithmaul~
noodles~
wonderass~
badass~
nookie~
jewbacca~
dash~
Sexbot~
sheridan~
persons~
person~
openhatch~
jawa~
human~
citizen~
bum~
rodian~
somebody~
anybody~
everybody~
body~
unowned~
void~
firefly~
animal~
hellspawn~
prozac~
afk~
Acute~
Khalim~
furball~
slimshady~
longshot~
techno~
mrrogers~
pegleg~
corranhorn~
blackjack~
deciever~
deceiver~
shedao~
prowler~
shroud~
villan~
power~
fett~
screwtheimp~
reeve~
boba~
Rei~
Fuzzbuster~
web~
fuckyou~
terminator~
jarjar~
jedi~
fuckers~
Assholes~
wanderer~
nemesis~
drax~
mace~
Loremaker~
hootcha~
Hethrir~
bitchass~
starwind~
newbie~
aretwodeetoo~
wolfgang~
vash~
droid~
avatar~
akima~
Cale~
jackass~
stoopid~
senorbeavis~
dumbas~
dumbass~
angela~
guar~
worf~
picard~
kirk~
spock~
Tuscon~
ago~
kane~
spawn~
ranthar~
prodigy~
rex~
john~
jon~
bill~
billy~
joe~
joey~
rob~
roberto~
fuck~
fag~
largeass~
siskel~
Ebert~
bone~
threepio~
Greg~
Matt~
Mary~
nonkrigeta~
Vegelin~
fallen~
GeneHawking~
kintas~
blitzkrieg~
Destroyer~
diablo~
Rogue~
sage~
jeremiah~
blake~
mike~
micheal~
garrik~
jibba~
jubba~
jobba~
jebba~
Drake~
targz~
prince~
darrick~
derrick~
derrik~
talcon~
asman~
ackbar~
okkii~
polarbear~
Salin~
coolbacca~
syne~
vanri~
trey~
Rahk~
ronin~
scoundrel~
ace~
gogo~
striker~
stalker~
strike~
chai~
kyen~
Draken~
ashmare~
keebler~
raistlin~
nana~
myzati~
noir~
black~
white~
blanca~
virvana~
nirvana~
organ~
serum~
hippi~
mooks~
barman~
servbot~
bounty~
sentinel~
predator~
flubber~
clunky~
derek~
derrek~
raad~
radaaca~
redeemption~
list~
khalim remove~
Jesus~
david~
goliath~
the~
they~
them~
an~
and~
but~
claymore~
broadsword~
gnos~
kyp~
mauk~
hawk~
hawkins~
hawkling~
hauk~
hauwk~
remus~
Crash~
matsauma~
james~
damn~
shaidar~
none~
tom~
Shin~
draddron~
sabien~
marius~
domon~
spaceballs~
spaceballz~
xyz~
zyx~
never~
guest~
vicer~
Gaijin~
drakan~
bob~
shoe~
jurex~
tyranus~
tiranus~
Montross~
Montros~
celes~
setzer~
cyan~
edgar~
locke~
kefka~
sabin~
umaro~
terra~
shadow~
morpheus~
neo~
sorin~
niobe~
bane~
trinity~
cid~
barret~
shinobi~
sloth~
morlox~
nioby~
zargga~
kallus~
metallica~
kyung~
hoorl~
broddik~
haase~
broddin~
kim~
kimi~
gatorade~
tien~
alex~
Damaris~
saskatoon~
trogdor~
strongbad~
temp~
merc~
merc 2~
merc 3~
merc 4~
merc 5~
merc 6~
merc 7~
merc 8~
merc 9~
merc 10~
akade~
rip~
kario~
jarik~
mahjongg~
Dudes, Tecmo Super Bowl, Final Fantasy, or Soccer?~
dakota~
bond~
djinn~
jake~
ghost~
xantos~
chaw~
fukka~
mother~
agentsmith~
ken~
Dalmat~
wedge~
nathaniel~
$~dreikon~
$~~
$~